Loaded suite ./test/collection_test
Started
"test_map_reduce_with_raw_response"
"function() { emit(this.user_id, 1); }"
"function(k,vals) { return 1; }"
{
        "result" => "foo",
    "timeMillis" => 18,
        "timing" => {
         "mapTime" => 0,
        "emitLoop" => 17,
           "total" => 18
    },
        "counts" => {
         "input" => 3,
          "emit" => 3,
        "output" => 3
    },
            "ok" => 1.0
}
........."test_map_reduce_with_output_collection"
"function() { emit(this.user_id, 1); }"
"function(k,vals) { return 1; }"
{
        "result" => "test-map-coll",
    "timeMillis" => 1,
        "timing" => {
         "mapTime" => 0,
        "emitLoop" => 0,
           "total" => 1
    },
        "counts" => {
         "input" => 3,
          "emit" => 3,
        "output" => 3
    },
            "ok" => 1.0
}
....."test_map_reduce_with_code_objects"
"function() { emit(this.user_id, 1); }"
"function(k,vals) { return 1; }"
{
        "result" => "foo",
    "timeMillis" => 1,
        "timing" => {
         "mapTime" => 0,
        "emitLoop" => 0,
           "total" => 1
    },
        "counts" => {
         "input" => 2,
          "emit" => 2,
        "output" => 2
    },
            "ok" => 1.0
}
..."test_map_reduce_with_options"
"function() { emit(this.user_id, 1); }"
"function(k,vals) { return 1; }"
{
        "result" => "foo",
    "timeMillis" => 1,
        "timing" => {
         "mapTime" => 0,
        "emitLoop" => 0,
           "total" => 1
    },
        "counts" => {
         "input" => 2,
          "emit" => 2,
        "output" => 2
    },
            "ok" => 1.0
}
.."test_map_reduce"
"function() { emit(this.user_id, 1); }"
"function(k,vals) { return 1; }"
{
        "result" => "foo",
    "timeMillis" => 1,
        "timing" => {
         "mapTime" => 0,
        "emitLoop" => 0,
           "total" => 1
    },
        "counts" => {
         "input" => 2,
          "emit" => 2,
        "output" => 2
    },
            "ok" => 1.0
}
..............
Finished in 0.304000 seconds.

33 tests, 94 assertions, 0 failures, 0 errors, 0 skips

Test run options: --seed 45344
